Callbacks.c:148:6:CB_Init	16	static
Callbacks.c:174:6:CB_DBG_Tx	24	static
Callbacks.c:188:14:CB_L6360_I2CWrite	16	static
Callbacks.c:199:14:CB_L6360_I2CRead	16	static
Callbacks.c:205:6:CB_L6360_LplusPin	16	static
Callbacks.c:208:6:CB_L6360_CQPin	16	static
Callbacks.c:211:6:CB_L6360_ResetPin	16	static
Callbacks.c:223:14:CB_L6360_UartConfig	32	static
Callbacks.c:257:14:CB_L6360_UartTX	32	static
Callbacks.c:287:14:CB_L6360_UartRX	32	static
Callbacks.c:316:10:CB_L6360_TimeSrc	8	static
Callbacks.c:327:10:CB_IOL_TimeSource	8	static
Callbacks.c:337:6:HAL_GPIO_EXTI_Callback	24	static
Callbacks.c:379:6:HAL_TIM_PeriodElapsedCallback	16	static
Callbacks.c:393:6:CB_InitErrorCallback	8	static
Callbacks.c:401:6:CB_DIO_InitCallback	8	static
Callbacks.c:413:6:CB_MB_InitCallback	8	static
Callbacks.c:441:6:CB_Sock_InitCallback	8	static
Callbacks.c:453:6:CB_MBTCPS_InitCallback	8	static
Callbacks.c:466:6:CB_DI_StateChangeCallback	16	static
Callbacks.c:502:6:CB_DI_CounterExtiCallback	24	static
Callbacks.c:523:9:CB_MB_readDICallback	24	static
Callbacks.c:570:9:CB_MB_writeCOCallback	24	static
Callbacks.c:745:9:CB_MB_readCOCallback	24	static
Callbacks.c:856:9:CB_MB_readIRCallback	24	static
Callbacks.c:1101:9:CB_MB_writeHRCallback	600	static
Callbacks.c:2081:9:CB_MB_readHRCallback	24	static
Callbacks.c:2591:9:CB_MB_maskWriteHRCallbackS	24	static
Callbacks.c:2609:9:CB_MB_CUST_Build107RespAIDI	24	static
Callbacks.c:2635:9:CB_MB_CUST_Process109ReqAODO	24	static
Callbacks.c:2659:9:CB_MB_CmpltTxCallback	24	static
Callbacks.c:2714:9:CB_MB_CmoltRxCallback	16	static
Callbacks.c:2733:9:CB_MB_diagSubFuncCallback	24	static
Callbacks.c:2742:9:CB_MB_ChangSACallback	16	static
Callbacks.c:2756:9:CB_Sock_ConnCallback	776	static
Callbacks.c:2788:9:CB_Sock_DisconnCallback	24	static
Callbacks.c:2813:9:CB_Sock_RecvCallback	56	static
Callbacks.c:2970:9:CB_Sock_SendCmpltCallback	24	static
Callbacks.c:3005:9:CB_Sock_ErrorCallback	40	static
Callbacks.c:3107:9:CB_MBTCPS_SendCallback	32	static
Callbacks.c:3132:9:CB_MBTCPS_SendExcpCallback	32	static
Callbacks.c:3176:6:CB_EEPROM_ErrorCallback	32	static
