IRQHandler.c:92:6:NMI_Handler	4	static
IRQHandler.c:104:6:HardFault_Handler	8	static
IRQHandler.c:118:6:MemManage_Handler	8	static
IRQHandler.c:132:6:BusFault_Handler	8	static
IRQHandler.c:146:6:UsageFault_Handler	8	static
IRQHandler.c:160:6:SVC_Handler	4	static
IRQHandler.c:168:6:DebugMon_Handler	4	static
IRQHandler.c:176:6:PendSV_Handler	4	static
IRQHandler.c:184:6:SysTick_Handler	8	static
IRQHandler.c:212:6:EXTI2_IRQHandler	4	static
IRQHandler.c:235:6:EXTI4_IRQHandler	4	static
IRQHandler.c:250:6:EXTI9_5_IRQHandler	4	static
IRQHandler.c:314:6:EXTI15_10_IRQHandler	8	static
IRQHandler.c:376:6:TIM4_IRQHandler	16	static
IRQHandler.c:427:6:TIM6_DAC_IRQHandler	8	static
IRQHandler.c:561:19:Uart_Receive_IT	48	static,ignoring_inline_asm
IRQHandler.c:659:6:USART2_IRQHandler	88	static,ignoring_inline_asm
IRQHandler.c:819:6:DMA2_Stream0_IRQHandler	8	static
IRQHandler.c:833:6:DMA2_Stream1_IRQHandler	8	static
IRQHandler.c:847:6:HAL_UARTEx_RxEventCallback	24	static
IRQHandler.c:921:6:HAL_UART_RxCpltCallback	16	static
IRQHandler.c:936:6:HAL_UART_TxCpltCallback	24	static,ignoring_inline_asm
IRQHandler.c:969:6:HAL_UART_ErrorCallback	80	static
IRQHandler.c:1025:6:TIM3_IRQHandler	4	static
IRQHandler.c:1166:6:I2C1_EV_IRQHandler	8	static
IRQHandler.c:1176:6:I2C1_ER_IRQHandler	8	static
IRQHandler.c:1185:6:HAL_I2C_ErrorCallback	16	static
IRQHandler.c:1203:6:DMA2_Stream2_IRQHandler	8	static
IRQHandler.c:1211:6:DMA2_Stream3_IRQHandler	8	static
IRQHandler.c:1220:6:HAL_I2C_MasterTxCpltCallback	16	static
IRQHandler.c:1232:6:HAL_I2C_MasterRxCpltCallback	16	static
IRQHandler.c:1245:6:TIM24_IRQHandler	8	static
