main.c:137:1:__io_putchar	16	static
main.c:179:5:main	56	static
main.c:311:6:SystemClock_Config	120	static
main.c:372:13:MX_ADC1_Init	56	static
main.c:446:13:MX_I2C1_Init	8	static
main.c:495:13:MX_I2C4_Init	8	static
main.c:541:13:MX_IWDG1_Init	8	static
main.c:570:13:MX_SPI1_Init	8	static
main.c:618:13:MX_TIM1_Init	40	static
main.c:665:13:MX_TIM2_Init	64	static
main.c:736:13:MX_TIM3_Init	40	static
main.c:781:13:MX_TIM4_Init	40	static
main.c:826:13:MX_TIM6_Init	24	static
main.c:864:13:MX_TIM7_Init	24	static
main.c:902:13:MX_TIM24_Init	40	static
main.c:947:13:MX_UART4_Init	8	static
main.c:995:13:MX_UART5_Init	8	static
main.c:1043:13:MX_UART7_Init	8	static
main.c:1091:13:MX_USART1_UART_Init	8	static
main.c:1139:13:MX_USART2_UART_Init	8	static
main.c:1187:13:MX_USART3_UART_Init	8	static
main.c:1233:13:MX_DMA_Init	16	static
main.c:1281:13:MX_FMC_Init	40	static
main.c:1332:13:MX_GPIO_Init	56	static
main.c:1500:6:Error_Handler	4	static,ignoring_inline_asm
