stm32h7xx_hal_msp.c:88:6:HAL_MspInit	16	static
stm32h7xx_hal_msp.c:111:6:HAL_ADC_MspInit	232	static
stm32h7xx_hal_msp.c:169:6:HAL_ADC_MspDeInit	16	static
stm32h7xx_hal_msp.c:200:6:HAL_I2C_MspInit	232	static
stm32h7xx_hal_msp.c:324:6:HAL_I2C_MspDeInit	16	static
stm32h7xx_hal_msp.c:384:6:HAL_SPI_MspInit	232	static
stm32h7xx_hal_msp.c:447:6:HAL_SPI_MspDeInit	16	static
stm32h7xx_hal_msp.c:481:6:HAL_TIM_Base_MspInit	48	static
stm32h7xx_hal_msp.c:578:6:HAL_TIM_MspPostInit	48	static
stm32h7xx_hal_msp.c:621:6:HAL_TIM_Base_MspDeInit	16	static
stm32h7xx_hal_msp.c:724:6:HAL_UART_MspInit	272	static
stm32h7xx_hal_msp.c:1156:6:HAL_UART_MspDeInit	16	static
stm32h7xx_hal_msp.c:1305:13:HAL_FMC_MspInit	216	static
stm32h7xx_hal_msp.c:1408:6:HAL_SDRAM_MspInit	16	static
stm32h7xx_hal_msp.c:1420:13:HAL_FMC_MspDeInit	8	static
stm32h7xx_hal_msp.c:1479:6:HAL_SDRAM_MspDeInit	16	static
