Task_Handler.c:126:6:TaskInit	280	static
Task_Handler.c:169:6:TaskHandler	4	static
Task_Handler.c:176:6:Task_L6360Init	8	static
Task_Handler.c:205:6:TH_PrintDevInfo	88	static
Task_Handler.c:220:6:TH_DigitalOut	16	static
Task_Handler.c:270:6:TH_DigitalIn	16	static
Task_Handler.c:316:6:TH_DigitalInConfig	16	static
Task_Handler.c:355:6:TH_DICapturePulse	16	static
Task_Handler.c:374:6:TH_DICaptureOverflow	16	static
Task_Handler.c:391:6:TH_DIClearOnNoPulse	24	static
Task_Handler.c:421:6:TH_MBRTUMaster	8	static
Task_Handler.c:462:6:TH_MB_107PackHandler	16	static
Task_Handler.c:521:6:TH_MBRTUMasterTimoutHandler	16	static
Task_Handler.c:592:6:TH_MBRTUSlaveTimoutHandler	8	static
Task_Handler.c:710:6:TH_MBTCPSRecvRespGW	40	static
Task_Handler.c:798:6:TH_MBTCPClient	16	static
Task_Handler.c:876:6:TH_SetMsgParams	24	static
Task_Handler.c:885:6:TH_MBGateway	48	static
Task_Handler.c:1050:6:TH_MBGWCheckTimeOut	24	static
Task_Handler.c:1155:6:TH_MBSerial	16	static
Task_Handler.c:1237:10:TH_AddEncoderDataToPacket	24	static
Task_Handler.c:1265:10:TH_AddCounterDataToPacket	24	static
Task_Handler.c:1665:6:TH_AnalogOutput	8	static
Task_Handler.c:1678:6:TH_AOMap2DIandPID	24	static
Task_Handler.c:1739:6:TH_IOExtender	16	static
Task_Handler.c:1820:7:TH_ScalePriedTo12Bits	16	static
Task_Handler.c:1835:6:TH_PIDControl	16	static
Task_Handler.c:1849:6:TH_FactoryResetButton	8	static
Task_Handler.c:1868:6:TH_MBRTUBusErrDiag	4	static
Task_Handler.c:1905:6:TH_W5500SPIErrDiag	4	static
Task_Handler.c:1942:6:TH_AnalogInput	8	static
