w5500_chip.c:31:6:W5500_reset	16	static
w5500_chip.c:42:6:W5500_select	8	static
w5500_chip.c:47:6:W5500_deselect	8	static
w5500_chip.c:54:9:W5500_read	16	static
w5500_chip.c:64:6:W5500_write	16	static
w5500_chip.c:75:6:W5500_readBurst	16	static
w5500_chip.c:87:6:W5500_writeBurst	16	static
w5500_chip.c:462:6:W5500_InitSPIIO	40	static
w5500_chip.c:497:6:W5500_Init	80	static
w5500_chip.c:566:8:W5500_SetNetInfo	16	static
w5500_chip.c:570:8:W5500_GetNetInfo	16	static
w5500_chip.c:580:10:W5500_GetCmnInterpt	8	static
w5500_chip.c:589:9:W5500_GetSockInterpt	16	static
w5500_chip.c:598:6:W5500_SetAutoKeepAlive	16	static
w5500_chip.c:605:6:W5500_SetMaxSegmentSize	16	static
w5500_chip.c:614:6:W5500_SetRetryTime	16	static
w5500_chip.c:619:10:W5500_GetRetryTime	16	static
w5500_chip.c:622:6:W5500_SetRetryCount	16	static
w5500_chip.c:625:9:W5500_GetRetryCount	8	static
w5500_chip.c:701:6:W5500_ReadInterrupt	16	static
w5500_chip.c:712:6:W5500_ClearAllInterrupt	8	static
w5500_chip.c:716:6:W5500_PrintNetInfo	56	static
