wizchip_conf.c:67:9:wizchip_cris_enter	4	static
wizchip_conf.c:75:9:wizchip_cris_exit	4	static
wizchip_conf.c:83:7:wizchip_cs_select	4	static
wizchip_conf.c:91:7:wizchip_cs_deselect	4	static
wizchip_conf.c:100:10:wizchip_bus_readdata	16	static
wizchip_conf.c:109:7:wizchip_bus_writedata	16	static
wizchip_conf.c:117:9:wizchip_spi_readbyte	4	static
wizchip_conf.c:125:7:wizchip_spi_writebyte	16	static
wizchip_conf.c:133:7:wizchip_spi_readburst	16	static
wizchip_conf.c:141:7:wizchip_spi_writeburst	16	static
wizchip_conf.c:198:6:reg_wizchip_cris_cbfunc	16	static
wizchip_conf.c:212:6:reg_wizchip_cs_cbfunc	16	static
wizchip_conf.c:258:6:reg_wizchip_bus_cbfunc	16	static
wizchip_conf.c:286:6:reg_wizchip_spi_cbfunc	16	static
wizchip_conf.c:303:6:reg_wizchip_spiburst_cbfunc	16	static
wizchip_conf.c:319:8:ctlwizchip	40	static
wizchip_conf.c:402:8:ctlnetwork	16	static
wizchip_conf.c:430:6:wizchip_sw_reset	32	static
wizchip_conf.c:455:8:wizchip_init	24	static
wizchip_conf.c:537:6:wizchip_clrinterrupt	24	static
wizchip_conf.c:569:11:wizchip_getinterrupt	16	static
wizchip_conf.c:600:6:wizchip_setinterruptmask	24	static
wizchip_conf.c:624:11:wizchip_getinterruptmask	16	static
wizchip_conf.c:653:8:wizphy_getphylink	16	static
wizchip_conf.c:674:8:wizphy_getphypmode	16	static
wizchip_conf.c:777:6:wizphy_reset	16	static
wizchip_conf.c:787:6:wizphy_setphyconf	24	static
wizchip_conf.c:817:6:wizphy_getphyconf	24	static
wizchip_conf.c:856:6:wizphy_getphystat	24	static
wizchip_conf.c:863:8:wizphy_setphypmode	24	static
wizchip_conf.c:889:6:wizchip_setnetinfo	16	static
wizchip_conf.c:902:6:wizchip_getnetinfo	16	static
wizchip_conf.c:915:8:wizchip_setnetmode	24	static
wizchip_conf.c:929:14:wizchip_getnetmode	8	static
wizchip_conf.c:934:6:wizchip_settimeout	16	static
wizchip_conf.c:940:6:wizchip_gettimeout	24	static
