MB_Custom.c:31:6:MB_CUST_Init	16	static
MB_Custom.c:48:10:MB_CUST_BuildRTUReqRIRDI	32	static
MB_Custom.c:68:10:MB_CUST_ProcessRTUReqRIRDI	4	static
MB_Custom.c:82:10:MB_CUST_BuildEmptySubPackRIRDI	24	static
MB_Custom.c:94:10:MB_CUST_BuildEmptySubPacket	16	static
MB_Custom.c:107:10:MB_CUST_BUILDTCPCReqRIRDI	24	static
MB_Custom.c:116:9:MB_CUST_CheckCFunCode	16	static
MB_Custom.c:125:9:MB_CUST_GetPacketType	16	static
MB_Custom.c:153:6:MB_CUST_StartTimer	16	static
MB_Custom.c:158:6:MB_CUST_StopTimer	16	static
MB_Custom.c:164:6:MB_CUST_ResetTimer	16	static
MB_Custom.c:169:6:MB_CUST_SetTimeout	16	static
MB_Custom.c:173:9:MB_CUST_IsTimerRunning	16	static
MB_Custom.c:177:9:MB_CUST_IsTimeout	24	static
MB_Custom.c:206:9:MBRS_CUST_GetSlvStartAddr	4	static
MB_Custom.c:210:9:MBRS_CUST_GetNumOfSlv	4	static
MB_Custom.c:219:9:MBRS_CUST_CheckSlvStartAddr	16	static
MB_Custom.c:229:9:MBRS_CUST_CheckNumOfSlv	16	static
MB_Custom.c:238:9:MBRS_CUST_CheckSlvSAAndNum	16	static
MB_Custom.c:259:9:MBRS_CUST_readCO	8	static
MB_Custom.c:266:9:MBRS_CUST_readDI	8	static
MB_Custom.c:273:9:MBRS_CUST_readHR	8	static
MB_Custom.c:280:9:MBRS_CUST_readIR	8	static
MB_Custom.c:287:9:MBRS_CUST_writeMC	8	static
MB_Custom.c:294:9:MBRS_CUST_writeMR	8	static
MB_Custom.c:303:9:MBR_CUST_readIRDI	16	static
MB_Custom.c:487:9:MBR_CUST_readHRCO	48	dynamic
MB_Custom.c:542:9:MBR_CUST_writeHRCO	16	static
MB_Custom.c:661:6:MBR_CUST_BuildExcepResp	24	static
MB_Custom.c:673:6:MB_CUST_attachProcess109ReqAODOCallback	16	static
MB_Custom.c:679:6:MB_CUST_attachBuild107RespAIDICallback	16	static
MB_Custom.c:689:9:MBRS_CUST_EnqueMsg	16	static
MB_Custom.c:709:10:MBRS_CUST_DequeMsg	24	static
MB_Custom.c:734:6:MBRS_CUST_ClearMQ	16	static
