MB_Diagnostics.c:26:6:MB_DIAG_SetRTUSlaveInstance	16	static
MB_Diagnostics.c:35:9:MB_DIAG_CheckDSFC	16	static
MB_Diagnostics.c:47:9:MB_DIAG_CheckData	16	static
MB_Diagnostics.c:68:9:MB_DSF_ReturnQD	16	static
MB_Diagnostics.c:88:9:MB_DSF_RestartCO	24	static
MB_Diagnostics.c:134:9:MB_DSF_ReturnDR	16	static
MB_Diagnostics.c:153:9:MB_DSF_ForceLOM	16	static
MB_Diagnostics.c:175:9:MB_DSF_ClearCDR	16	static
MB_Diagnostics.c:194:9:MB_DSF_ReturnBMC	16	static
MB_Diagnostics.c:210:9:MB_DSF_ReturnBCEC	16	static
MB_Diagnostics.c:225:9:MB_DSF_ReturnBEEC	16	static
MB_Diagnostics.c:241:9:MB_DSF_ReturnSMC	16	static
MB_Diagnostics.c:257:9:MB_DSF_ReturnBCOC	16	static
MB_Diagnostics.c:267:9:MB_DSF_ClearOCF	16	static
MB_Diagnostics.c:283:6:MB_DIAG_BuildResp2byteData	16	static
MB_Diagnostics.c:297:6:MB_appendToRespPDU_SFC	8	static
MB_Diagnostics.c:308:10:MB_getDiagSFC	8	static
MB_Diagnostics.c:318:10:MB_getDiagData	8	static
MB_Diagnostics.c:331:6:MB_ClearCounters	16	static
MB_Diagnostics.c:345:9:MB_CheckCountersClear	16	static
MB_Diagnostics.c:353:6:MB_DIAG_attachCallback	16	static
