core_cm7.h:2156:34:__NVIC_SystemReset	4	static,ignoring_inline_asm
MB_Handler.c:125:6:MB_init	16	static
MB_Handler.c:138:6:MB_SetRTUMode	16	static
MB_Handler.c:142:12:MB_GetRTUMode	4	static
MB_Handler.c:147:6:MB_SetHandlerInstance	24	static
MB_Handler.c:151:16:MB_GetHandlerInstance	4	static
MB_Handler.c:156:9:MB_IsHandlerBusy	4	static
MB_Handler.c:160:6:MB_SetHandlerBusy	16	static
MB_Handler.c:170:6:MB_setReqBuff	16	static
MB_Handler.c:183:6:MB_setRespBuff	16	static
MB_Handler.c:189:9:MB_getRespBuffSize	4	static
MB_Handler.c:198:9:MB_executeRequest	24	static
MB_Handler.c:308:6:MB_ClearBuffer	4	static
MB_Handler.c:315:6:MB_ClearReqBuffer	8	static
MB_Handler.c:320:6:MB_ClearResBuffer	8	static
MB_Handler.c:330:6:MB_appendToRespPDU	16	static
MB_Handler.c:341:6:MB_appendToRespPDU_SAFC	8	static
MB_Handler.c:356:6:MB_appendToRespPDU_CRC	16	static
MB_Handler.c:370:6:MB_CopyReqToRespPDU	8	static
MB_Handler.c:405:6:MB_excepRespBuilder	16	static
MB_Handler.c:420:9:MB_isFunctionCodeValid	16	static
MB_Handler.c:431:9:MB_checkSlaveAddress	16	static
MB_Handler.c:439:9:MB_checkCoilDataQtyAddr	24	static
MB_Handler.c:450:9:MB_checkRegisterDataQtyAddr	24	static
MB_Handler.c:462:9:MB_checkMCQtyAddrByteCount	24	static
MB_Handler.c:482:9:MB_checkMRQtyAddrByteCount	32	static
MB_Handler.c:503:9:MB_checkRWMRQtyAddrByteCount	16	static
MB_Handler.c:527:9:MB_checkMWRAddrMask	16	static
MB_Handler.c:551:9:MB_checkDataQtyAddr	24	static
MB_Handler.c:574:9:MB_checkDataQuantity	16	static
MB_Handler.c:586:9:MB_checkDataAddress	24	static
MB_Handler.c:593:9:MB_checkAndOrMask	16	static
MB_Handler.c:608:9:MB_checkSCValue	16	static
MB_Handler.c:620:9:MB_checkSRValue	16	static
MB_Handler.c:632:9:MB_checkSCRAddr	16	static
MB_Handler.c:644:9:MB_checkSCValueAddr	8	static
MB_Handler.c:664:9:MB_checkSRValueAddr	8	static
MB_Handler.c:683:9:MB_checkNewSlaveAddr	8	static
MB_Handler.c:697:10:MB_get2byteData	16	static
MB_Handler.c:706:9:MB_getSlaveAddress	4	static
MB_Handler.c:715:9:MB_getFunctionCode	4	static
MB_Handler.c:734:10:MB_getStartAddress	16	static
MB_Handler.c:738:10:MB_getSCRAddress	8	static
MB_Handler.c:750:10:MB_getMWRRefAddress	8	static
MB_Handler.c:769:10:MB_getQuantity	16	static
MB_Handler.c:779:10:MB_getSCRValue	8	static
MB_Handler.c:788:9:MB_getMCValueInByte	16	static
MB_Handler.c:797:10:MB_getMRValueIn2Byte	16	static
MB_Handler.c:806:10:MB_getMWRAndMask	8	static
MB_Handler.c:816:10:MB_getMWROrMask	8	static
MB_Handler.c:826:10:MB_getNewSlaveAddress	4	static
MB_Handler.c:838:9:MB_readCoils	32	dynamic
MB_Handler.c:873:9:MB_readDI	32	dynamic
MB_Handler.c:907:9:MB_readHR	40	dynamic
MB_Handler.c:950:9:MB_readIR	40	dynamic
MB_Handler.c:987:9:MB_writeSC	24	static
MB_Handler.c:1015:9:MB_writeSHR	24	static
MB_Handler.c:1039:9:MB_readES	16	static
MB_Handler.c:1061:10:MB_diagnostics	24	static
MB_Handler.c:1143:9:MB_getCEC	16	static
MB_Handler.c:1170:9:MB_writeMC	40	static
MB_Handler.c:1218:9:MB_writeMHR	32	static
MB_Handler.c:1262:9:MB_writeHRM	24	static
MB_Handler.c:1292:9:MB_readWriteMHR	48	dynamic
MB_Handler.c:1352:9:MB_changeSA	16	static
MB_Handler.c:1378:6:MB_applyMaskToHR	16	static
MB_Handler.c:1390:6:MB_CallbackRCO	8	static
MB_Handler.c:1400:9:MB_getDI	16	static
MB_Handler.c:1404:9:MB_getDIInByte	32	static
MB_Handler.c:1450:9:MB_setCoil	16	static
MB_Handler.c:1457:9:MB_getCoil	16	static
MB_Handler.c:1460:9:MB_getCoilsInByte	32	static
MB_Handler.c:1499:9:MB_getIRValue	16	static
MB_Handler.c:1503:9:MB_getIRsValue	32	static
MB_Handler.c:1526:10:MB_getHRValue	24	static
MB_Handler.c:1544:9:MB_getHRsValue	24	static
MB_Handler.c:1574:9:MB_setHRValue	16	static
MB_Handler.c:1581:9:MB_setMaskWHRValue	16	static
MB_Handler.c:1590:9:MB_setSlaveAddress	16	static
MB_Handler.c:1602:6:MB_CountBusMsg	4	static
MB_Handler.c:1610:6:MB_CountBusComErr	4	static
MB_Handler.c:1619:6:MB_CountBusExpErr	4	static
MB_Handler.c:1623:6:MB_CountSlaveMsg	4	static
MB_Handler.c:1630:6:MB_CountBusCharOvrun	4	static
MB_Handler.c:1634:6:MB_CountCommEvent	4	static
MB_Handler.c:1639:9:MB_GetBusyStatus	4	static
MB_Handler.c:1642:6:MB_SetBusyStatus	4	static
MB_Handler.c:1646:6:MB_ClearBusyStatus	4	static
MB_Handler.c:1651:9:MB_GetListenOnlyMode	4	static
MB_Handler.c:1654:6:MB_SetListenOnlyMode	4	static
MB_Handler.c:1657:6:MB_ClearListenOnlyMode	4	static
MB_Handler.c:1663:9:MB_GetRestartFlag	4	static
MB_Handler.c:1666:6:MB_SetRestartFlag	4	static
MB_Handler.c:1670:6:MB_CleartRestartFlag	4	static
MB_Handler.c:1682:10:MB_GetDiagRegValue	4	static
MB_Handler.c:1691:6:MB_setDiagRegValue	24	static
MB_Handler.c:1701:6:MB_ClearDiagReg	4	static
MB_Handler.c:1708:9:MB_GetExcepStatus	4	static
MB_Handler.c:1712:6:MB_SetExcepStatus	24	static
MB_Handler.c:1718:9:MB_ClearExcepStatus	4	static
MB_Handler.c:1728:6:MB_attachDICallback	16	static
MB_Handler.c:1733:6:MB_attachCOCallback	16	static
MB_Handler.c:1739:6:MB_attachIRCallback	16	static
MB_Handler.c:1744:6:MB_attachHRCallback	16	static
MB_Handler.c:1749:6:MB_attachMaskWHRCallback	16	static
MB_Handler.c:1753:6:MB_attachChangeSACllback	16	static
MB_Handler.c:1808:9:setSingleRegisterValue	16	static
MB_Handler.c:1812:9:setRegisterValue	16	static
