MB_Register.c:25:6:MB_REG_Init	8	static
MB_Register.c:36:9:MB_REG_GetDI	16	static
MB_Register.c:47:9:MB_REG_GetDIM	32	static
MB_Register.c:72:9:MB_REG_SetDI	32	static
MB_Register.c:98:9:MB_REG_SetDIM	40	static
MB_Register.c:125:9:MB_REG_GetCO	16	static
MB_Register.c:136:9:MB_REG_GetCOM	32	static
MB_Register.c:159:9:MB_REG_SetCO	32	static
MB_Register.c:185:9:MB_REG_SetCOM	40	static
MB_Register.c:211:9:MB_REG_GetIR	16	static
MB_Register.c:223:9:MB_REG_GetIRM	32	static
MB_Register.c:240:9:MB_REG_SetIR	16	static
MB_Register.c:258:9:MB_REG_SetIRM	32	static
MB_Register.c:276:9:MB_REG_GetHR	16	static
MB_Register.c:288:9:MB_REG_GetHRM	32	static
MB_Register.c:309:9:MB_REG_SetHR	16	static
MB_Register.c:328:9:MB_REG_SetHRM	32	static
MB_Register.c:342:6:MB_REG_AttachChangeDIRegCallback	16	static
MB_Register.c:345:6:MB_REG_AttachChangeCORegCallback	16	static
MB_Register.c:348:6:MB_REG_AttachChangeIRRegCallback	16	static
MB_Register.c:351:6:MB_REG_AttachChangeHRRegCallback	16	static
