MB_Serial.c:93:6:MBS_Init	24	static
MB_Serial.c:124:13:MBS_Timer_Init	16	static
MB_Serial.c:136:13:MBS_GetInstance	4	static
MB_Serial.c:148:13:MBS_StartTimer	16	static
MB_Serial.c:164:7:MBS_StopTimer	16	static
MB_Serial.c:177:16:MBS_Config	32	static
MB_Serial.c:277:16:MBS_GetSerialConfig	24	static
MB_Serial.c:342:6:MBS_EncodeConfigValue	16	static
MB_Serial.c:357:9:MBS_DecodeConfigValue	16	static
MB_Serial.c:371:9:MBS_CheckSerialConfigValidity	24	static
MB_Serial.c:401:6:MBS_SetBaudRateUserDef	16	static
MB_Serial.c:409:10:MBS_GetBaudRateUserDef	4	static
MB_Serial.c:427:16:MBS_Send	56	static,ignoring_inline_asm
MB_Serial.c:520:6:MBS_Receive	16	static
MB_Serial.c:543:6:MBS_StopReceiving	16	static
MB_Serial.c:595:6:MBS_ChackRcvdFrame	16	static
MB_Serial.c:635:6:MBS_ProcessRcvdFrame	16	static
MB_Serial.c:651:6:MBS_ProcessFrame	24	static
MB_Serial.c:705:6:MBS_ClearTXBuffer	16	static
MB_Serial.c:710:6:MBS_ClearRXBuffer	16	static
MB_Serial.c:721:16:MBS_UpdateSerialConfig	16	static
MB_Serial.c:727:6:MBS_AllCmpltTxCallback	16	static
MB_Serial.c:731:6:MBS_attachCmpltTxCallback	16	static
MB_Serial.c:735:6:MBS_attachCmpltRxCallback	16	static
MB_Serial.c:745:10:MBS_GetCharTime	24	static
MB_Serial.c:761:10:MBS_GetCharTimeCluster	24	static
MB_Serial.c:771:17:MBS_GetTransTimeout	24	static
MB_Serial.c:783:14:MBS_GetByteTxTime	16	static
