MB_TCPServer.c:28:6:MBTCPS_Init	24	static
MB_TCPServer.c:50:6:MBTCPS_InitClientParams	16	static
MB_TCPServer.c:74:6:MBTCPS_ClearClientParams	16	static
MB_TCPServer.c:249:6:MBTCPS_ConnHandler	56	static
MB_TCPServer.c:305:6:MBTCPS_DisconnHandler	56	static
MB_TCPServer.c:330:6:MBTCPS_RecvHandler	40	static
MB_TCPServer.c:383:6:MBTCPS_ReqHandler	40	static
MB_TCPServer.c:500:6:MBTCPS_BuildResp	16	static
MB_TCPServer.c:633:6:MBTCPS_BuldExcepResp	16	static
MB_TCPServer.c:655:6:MBTCPS_ExcepHandler	16	static
MB_TCPServer.c:665:6:MBTCPS_AddNewClient	24	static
MB_TCPServer.c:682:6:MBTCPS_UpdateClient	16	static
MB_TCPServer.c:691:6:MBTCPS_RemoveClosedClient	24	static
MB_TCPServer.c:705:9:MBTCPS_FindClientById	24	static
MB_TCPServer.c:721:9:MBTCPS_FindClientByPort	24	static
MB_TCPServer.c:738:9:MBTCPS_FindClientByIdAndPort	32	static
MB_TCPServer.c:757:6:MBTCPS_ParseMBAPHeader	16	static
MB_TCPServer.c:793:6:MBTCP_ExcepRespBuilder	16	static
MB_TCPServer.c:804:9:MBTCPS_CheckProtocolID	16	static
MB_TCPServer.c:809:6:MBTCPS_SetMBAPHeaderToTXBuff	16	static
MB_TCPServer.c:816:6:MBTCPS_Send	16	static
MB_TCPServer.c:821:6:MBTCPS_AttachSendCallback	16	static
MB_TCPServer.c:825:6:MBTCPS_AttachSendExcpCallback	16	static
