IOLink_AL.c:21:12:IOL_AL_Read_Req	24	static
IOLink_AL.c:37:12:IOL_AL_Read_Cnf	48	static
IOLink_AL.c:47:12:IOL_AL_Write_Req	24	static
IOLink_AL.c:70:12:IOL_AL_Write_Cnf	24	static
IOLink_AL.c:82:12:IOL_AL_Abort_Req	16	static
IOLink_AL.c:92:12:IOL_AL_GetInput_Req	16	static
IOLink_AL.c:101:12:IOL_AL_GetInput_Cnf	24	static
IOLink_AL.c:111:12:IOL_AL_NewInput_Ind	16	static
IOLink_AL.c:122:12:IOL_AL_PDCycle_Ind	16	static
IOLink_AL.c:131:12:IOL_AL_SetOutput_Req	24	static
IOLink_AL.c:140:12:IOL_AL_SetOutput_Cnf	16	static
IOLink_AL.c:154:12:IOL_AL_Event_Req	32	static
IOLink_AL.c:170:12:IOL_AL_Event_Ind	24	static
IOLink_AL.c:177:12:IOL_AL_Event_Rsp	24	static
IOLink_AL.c:188:12:IOL_AL_Control_Req	16	static
IOLink_AL.c:197:12:IOL_AL_Control_Ind	16	static
IOLink_AL.c:206:6:IOL_AL_DL_ReadParam_Cnf	24	static
IOLink_AL.c:227:6:IOL_AL_DL_WriteParam_Cnf	24	static
IOLink_AL.c:246:6:IOL_AL_DL_ISDUTransport_Cnf	32	static
IOLink_AL.c:258:6:IOL_AL_DL_PDOutputUpdate_Cnf	24	static
IOLink_AL.c:265:6:IOL_AL_DL_PDInputTransport_Ind	32	static
IOLink_AL.c:272:6:IOL_AL_DL_ISDUAbort_Cnf	16	static
IOLink_AL.c:278:6:IOL_AL_DL_Event_Ind	24	static
IOLink_AL.c:301:6:IOL_AL_ODHandler	64	static
IOLink_AL.c:578:6:IOL_AL_EventHandler	24	static
