IOLink_SMI.c:22:16:SMI_AB_JobErrToArray	24	static
IOLink_SMI.c:36:16:SMI_AB_VoidblockToArray	24	static
IOLink_SMI.c:46:17:SMI_CheckABID	16	static
IOLink_SMI.c:82:24:SMI_ParseABIdFromABArray	16	static
IOLink_SMI.c:88:23:SMI_IsClientIdInODEJobList	16	static
IOLink_SMI.c:99:20:SMI_ConveyNegCnf	48	static
IOLink_SMI.c:117:20:SMI_CreateODEJob	16	static
IOLink_SMI.c:203:16:IOL_SMI_MasterIdent_Req	64	static
IOLink_SMI.c:259:16:IOL_SMI_MasterIdent_Cnf	16	static
IOLink_SMI.c:274:16:IOL_SMI_PortConfig_Req	48	static
IOLink_SMI.c:336:16:IOL_SMI_PortConfig_Cnf	16	static
IOLink_SMI.c:347:16:IOL_SMI_ReadbackPortConfig_Req	56	static
IOLink_SMI.c:405:16:IOL_SMI_ReadbackPortConfig_Cnf	16	static
IOLink_SMI.c:418:16:IOL_SMI_PortStatus_Req	256	static
IOLink_SMI.c:483:16:IOL_SMI_PortStatus_Cnf	16	static
IOLink_SMI.c:495:16:IOL_SMI_DSToParServ_Req	40	static
IOLink_SMI.c:537:16:IOL_SMI_DSToParServ_Cnf	16	static
IOLink_SMI.c:553:16:IOL_SMI_ParServToDS_Req	16	static
IOLink_SMI.c:563:16:IOL_SMI_ParServToDS_Cnf	16	static
IOLink_SMI.c:573:10:IOL_SMI_DeviceWrite_Req	56	static
IOLink_SMI.c:654:10:IOL_SMI_DeviceWrite_Cnf	16	static
IOLink_SMI.c:664:10:IOL_SMI_DeviceRead_Req	40	static
IOLink_SMI.c:739:10:IOL_SMI_DeviceRead_Cnf	16	static
IOLink_SMI.c:761:16:IOL_SMI_ParamWriteBatch_Req	48	static
IOLink_SMI.c:823:16:IOL_SMI_ParamWriteBatch_Cnf	16	static
IOLink_SMI.c:845:16:IOL_SMI_ParamReadBatch_Req	16	static
IOLink_SMI.c:855:16:IOL_SMI_ParamReadBatch_Cnf	16	static
IOLink_SMI.c:866:16:IOL_SMI_PortPowerOffOn_Req	16	static
IOLink_SMI.c:876:16:IOL_SMI_PortPowerOffOn_Cnf	16	static
IOLink_SMI.c:886:16:IOL_SMI_DeviceEvent_Ind	16	static
IOLink_SMI.c:896:16:IOL_SMI_DeviceEvent_Rsp	40	static
IOLink_SMI.c:929:16:IOL_SMI_PortEvent_Ind	16	static
IOLink_SMI.c:940:16:IOL_SMI_PortEvent_Rsp	40	static
IOLink_SMI.c:972:16:IOL_SMI_PDIn_Req	48	static
IOLink_SMI.c:1036:16:IOL_SMI_PDIn_Cnf	32	static
IOLink_SMI.c:1054:16:IOL_SMI_PDOut_Req	48	static
IOLink_SMI.c:1121:16:IOL_SMI_PDOut_Cnf	32	static
IOLink_SMI.c:1139:16:IOL_SMI_PDInOut_Req	56	static
IOLink_SMI.c:1215:16:IOL_SMI_PDInOut_Cnf	32	static
IOLink_SMI.c:1237:6:IOL_SMI_Initialize	24	static
IOLink_SMI.c:1247:6:IOL_SMI_Handler	24	static
