IOLink_DL.c:63:26:IOL_DL_BuildMseqType0_Req	16	static
IOLink_DL.c:86:26:IOL_DL_BuildMseqType1X_Req	16	static
IOLink_DL.c:173:23:IOL_DL_CalcChecksum	24	static
IOLink_DL.c:200:23:IOL_DL_CalcChkpdu	24	static
IOLink_DL.c:212:24:IOL_DL_CalcTmseq	32	static
IOLink_DL.c:241:6:IOL_DL_MH_StartTimer	16	static
IOLink_DL.c:246:6:IOL_DL_MH_ResetTimer	16	static
IOLink_DL.c:255:6:IOL_DL_CheckTimerElapsed	16	static
IOLink_DL.c:276:24:IOL_DL_GetMinRecovTime	24	static
IOLink_DL.c:309:20:IOL_DL_MH_Conf	24	static
IOLink_DL.c:317:20:IOL_DL_PH_Conf	24	static
IOLink_DL.c:325:20:IOL_DL_OH_Conf	24	static
IOLink_DL.c:333:20:IOL_DL_IH_Conf	24	static
IOLink_DL.c:341:20:IOL_DL_CH_Conf	24	static
IOLink_DL.c:349:20:IOL_DL_EH_Conf	24	static
IOLink_DL.c:363:12:IOL_DL_ReadParam_Req	24	static
IOLink_DL.c:395:12:IOL_DL_ReadParam_Cnf	16	static
IOLink_DL.c:408:12:IOL_DL_WriteParam_Req	24	static
IOLink_DL.c:446:12:IOL_DL_WriteParam_Cnf	16	static
IOLink_DL.c:459:12:IOL_DL_Read_Req	24	static
IOLink_DL.c:490:12:IOL_DL_Read_Cnf	16	static
IOLink_DL.c:501:12:IOL_DL_Write_Req	24	static
IOLink_DL.c:541:12:IOL_DL_Write_Cnf	16	static
IOLink_DL.c:553:12:IOL_DL_ISDUTransport_Req	32	static
IOLink_DL.c:633:12:IOL_DL_ISDUTransport_Cnf	24	static
IOLink_DL.c:646:12:IOL_DL_PDOutputUpdate_Req	32	static
IOLink_DL.c:690:12:IOL_DL_PDOutputUpdate_Cnf	16	static
IOLink_DL.c:703:12:IOL_DL_PDInputTransport_Ind	24	static
IOLink_DL.c:714:12:IOL_DL_PDCycle_Ind	16	static
IOLink_DL.c:726:12:IOL_DL_SetMode_Req	32	static
IOLink_DL.c:764:12:IOL_DL_SetMode_Cnf	16	static
IOLink_DL.c:776:12:IOL_DL_Mode_Ind	16	static
IOLink_DL.c:787:12:IOL_DL_Event_Ind	24	static
IOLink_DL.c:801:12:IOL_DL_EventConf_Req	24	static
IOLink_DL.c:807:12:IOL_DL_Control_Ind	16	static
IOLink_DL.c:818:19:IOL_DL_OD_Req	24	static
IOLink_DL.c:849:12:IOL_DL_OD_Cnf	24	static
IOLink_DL.c:865:12:IOL_DL_PD_Req	40	static
IOLink_DL.c:886:12:IOL_DL_PD_Cnf	24	static
IOLink_DL.c:896:12:IOL_DL_PDInStatus_Ind	16	static
IOLink_DL.c:908:12:IOL_DL_MHInfo_Ind	24	static
IOLink_DL.c:922:12:IOL_DL_ODTrig_Ind	16	static
IOLink_DL.c:928:12:IOL_DL_PDTrig_Ind	16	static
IOLink_DL.c:943:6:IOL_DL_ModeHandler	120	static
IOLink_DL.c:1347:6:IOL_DL_MessageHandler	152	static
IOLink_DL.c:1839:6:IOL_DL_PDHandler	40	static
IOLink_DL.c:1947:6:IOL_DL_ODHandler	24	static
IOLink_DL.c:2050:6:IOL_DL_ISDUHandler	32	static
IOLink_DL.c:2292:6:IOL_DL_CommandHandler	32	static
IOLink_DL.c:2380:6:IOL_DL_EventHandler	32	static
IOLink_DL.c:2462:6:IOL_DL_Initialize	24	static
IOLink_DL.c:2471:6:IOL_DL_Handler	16	static
