l6360.c:41:9:L6360_GetSR	16	static
l6360.c:48:9:L6360_GetCNFR	24	static
l6360.c:54:9:L6360_GetCR1	16	static
l6360.c:58:9:L6360_GetCR2	16	static
l6360.c:62:9:L6360_GetLED1	16	static
l6360.c:66:9:L6360_GetLED2	16	static
l6360.c:70:9:L6360_GetPR	16	static
l6360.c:81:14:L6360_SetCNFR	24	static
l6360.c:98:14:L6360_SetCR1	16	static
l6360.c:102:14:L6360_SetCR2	16	static
l6360.c:106:14:L6360_SetLED1	16	static
l6360.c:110:14:L6360_SetLED2	16	static
l6360.c:120:6:L6360_I2CInit	16	static
l6360.c:138:14:L6360_I2CReadStatusParity	40	static
l6360.c:193:14:L6360_I2CWriteSingle	32	static
l6360.c:233:14:L6360_I2CWriteAll	56	static
l6360.c:264:14:L6360_I2CRead	40	static
l6360.c:297:23:L6360_I2CCalcSingleWriteParity	24	static
l6360.c:315:23:L6360_I2CCalcSeqlWriteParity	24	static
l6360.c:332:6:L6360_I2CIRQHandler	16	static
l6360.c:348:6:L6360_I2CAttachWriteCallback	16	static
l6360.c:363:6:L6360_I2CAttachReadCallback	16	static
l6360.c:376:14:L6360_UartInit	24	static
l6360.c:411:14:L6360_UartSetBaudrate	24	static
l6360.c:443:9:L6360_UartGetBaudrate	24	static
l6360.c:458:14:L6360_UartSend	40	static
l6360.c:489:14:L6360_UartRecv	32	static
l6360.c:503:6:L6360_UartTxcIRQ	16	static
l6360.c:513:6:L6360_UartRxcIRQ	24	static
l6360.c:528:6:L6360_UartAttachConfigCallback	16	static
l6360.c:539:6:L6360_UartAttachTXCallback	16	static
l6360.c:547:6:L6360_UartAttachRXCallback	16	static
l6360.c:558:6:L6360_LplusEnable	16	static
l6360.c:573:6:L6360_LplusDisable	16	static
l6360.c:587:6:L6360_CqEnable	16	static
l6360.c:600:6:L6360_CqDisable	16	static
l6360.c:613:6:L6360_Reset	16	static
l6360.c:631:6:L6360_AttachLplusPinCallback	16	static
l6360.c:641:6:L6360_AttachCQPinCallback	16	static
l6360.c:651:6:L6360_AttachResetPinCallback	16	static
l6360.c:656:14:L6360_RestoreFactoryDefault	24	static
l6360.c:682:9:L6360_CalcChecksum	24	static
l6360.c:717:14:L6360_GenWURQ	160	static
l6360.c:825:14:L6360_SetPortMode	24	static
l6360.c:905:14:L6360_ConfigSDCIMode	16	static
l6360.c:914:15:L6360_ConfigSIOMode	48	static
l6360.c:950:24:GetTimeUS	8	static
l6360.c:979:20:Delay_MS	48	static
l6360.c:990:6:L6360_AttachTimerCallback	16	static
l6360.c:995:28:ConvertError	16	static
